// Vitest Snapshot v1, https://vitest.dev/guide/snapshot.html

exports[`pixel components > renders button variants accessibly 1`] = `
<DocumentFragment>
  <div
    class="flex flex-col gap-3"
  >
    <button
      class="inline-flex items-center justify-center gap-2 rounded-pixel font-semibold uppercase tracking-widest shadow-pixel transition focus-visible:outline-none focus-visible:ring-2 focus-visible:ring-offset-2 focus-visible:ring-offset-night disabled:cursor-not-allowed disabled:opacity-60 disabled:shadow-none bg-primary text-night hover:bg-primary-strong focus-visible:ring-primary border border-[color-mix(in_srgb,_var(--color-primary)_60%,_transparent)] px-4 py-2 text-xs"
      type="button"
    >
      Primary
    </button>
    <button
      class="inline-flex items-center justify-center gap-2 rounded-pixel font-semibold uppercase tracking-widest shadow-pixel transition focus-visible:outline-none focus-visible:ring-2 focus-visible:ring-offset-2 focus-visible:ring-offset-night disabled:cursor-not-allowed disabled:opacity-60 disabled:shadow-none bg-surface-translucent border border-[var(--surface-outline-subtle)] text-primary hover:bg-surface-raised focus-visible:ring-primary px-4 py-2 text-xs"
      type="button"
    >
      Secondary
    </button>
    <button
      class="inline-flex items-center justify-center gap-2 rounded-pixel font-semibold uppercase tracking-widest shadow-pixel transition focus-visible:outline-none focus-visible:ring-2 focus-visible:ring-offset-2 focus-visible:ring-offset-night disabled:cursor-not-allowed disabled:opacity-60 disabled:shadow-none bg-danger text-night hover:bg-[color-mix(in_srgb,_var(--color-danger)_78%,_transparent)] focus-visible:ring-danger border border-[color-mix(in_srgb,_var(--color-danger)_70%,_transparent)] px-4 py-2 text-xs"
      type="button"
    >
      Danger
    </button>
    <button
      class="inline-flex items-center justify-center gap-2 rounded-pixel font-semibold uppercase tracking-widest shadow-pixel transition focus-visible:outline-none focus-visible:ring-2 focus-visible:ring-offset-2 focus-visible:ring-offset-night disabled:cursor-not-allowed disabled:opacity-60 disabled:shadow-none bg-transparent border border-[var(--surface-outline-subtle)] text-foreground hover:bg-surface-translucent focus-visible:ring-primary px-3 py-1.5 text-[11px]"
      type="button"
    >
      Ghost
    </button>
    <button
      class="inline-flex items-center justify-center gap-2 rounded-pixel font-semibold uppercase tracking-widest shadow-pixel transition focus-visible:outline-none focus-visible:ring-2 focus-visible:ring-offset-2 focus-visible:ring-offset-night disabled:cursor-not-allowed disabled:opacity-60 disabled:shadow-none bg-primary text-night hover:bg-primary-strong focus-visible:ring-primary border border-[color-mix(in_srgb,_var(--color-primary)_60%,_transparent)] px-5 py-3 text-sm w-full"
      type="button"
    >
      Full width
    </button>
  </div>
</DocumentFragment>
`;

exports[`pixel components > renders frame and notice pair accessibly 1`] = `
<DocumentFragment>
  <div
    class="pixel-frame space-y-3 p-4"
    data-tone="raised"
  >
    <h2
      class="text-lg font-semibold text-foreground"
    >
      Frame headline
    </h2>
    <p
      class="text-sm text-foreground/80"
    >
      PixelFrame uses semantic tone tokens so notices and nested buttons inherit consistent contrast.
    </p>
    <p
      class="rounded-pixel border px-3 py-2 text-xs tracking-wide border-[color-mix(in_srgb,_var(--color-info)_70%,_transparent)] text-[var(--color-info)]"
    >
      Informational tone
    </p>
    <p
      class="rounded-pixel border px-3 py-2 text-xs tracking-wide border-[color-mix(in_srgb,_var(--color-success)_70%,_transparent)] text-[var(--color-success)]"
    >
      Success tone
    </p>
    <p
      class="rounded-pixel border px-3 py-2 text-xs tracking-wide border-[color-mix(in_srgb,_var(--color-warning)_75%,_transparent)] text-[var(--color-warning)]"
    >
      Warning tone
    </p>
    <p
      class="rounded-pixel border px-3 py-2 text-xs tracking-wide border-[color-mix(in_srgb,_var(--color-danger)_70%,_transparent)] text-[var(--color-danger)]"
    >
      Error tone
    </p>
  </div>
</DocumentFragment>
`;
